// Jest Snapshot v1, https://goo.gl/fbAQLP

exports[`Test should match snapshot 1`] = `
<Component__StyledWrapper>
  <Component__StyledDiv>
    TEST
  </Component__StyledDiv>
</Component__StyledWrapper>
`;
